2025-10-02T11:19:21.618225Z  INFO tailwindcss_oxide::scanner: Provided sources:
2025-10-02T11:19:21.618361Z  INFO tailwindcss_oxide::scanner: Source: PublicSourceEntry { base: "C:\\Shop", pattern: "**/*", negated: false }
2025-10-02T11:19:21.618575Z  INFO tailwindcss_oxide::scanner: Optimized sources:
2025-10-02T11:19:21.618593Z  INFO tailwindcss_oxide::scanner: Source: Auto { base: "C:\\Shop" }
2025-10-02T11:19:21.620112Z  INFO scan_sources: tailwindcss_oxide::scanner: enter
2025-10-02T11:19:21.621709Z  INFO scan_sources: tailwindcss_oxide::scanner: Discovering "C:\\Shop\\components.json"
2025-10-02T11:19:21.621941Z  INFO scan_sources: tailwindcss_oxide::scanner: Discovering "C:\\Shop\\eslint.config.mjs"
2025-10-02T11:19:21.622035Z  INFO scan_sources: tailwindcss_oxide::scanner: Discovering "C:\\Shop\\middleware.ts"
2025-10-02T11:19:21.622128Z  INFO scan_sources: tailwindcss_oxide::scanner: Discovering "C:\\Shop\\next.config.ts"
2025-10-02T11:19:21.622406Z  INFO scan_sources: tailwindcss_oxide::scanner: Discovering "C:\\Shop\\package.json"
2025-10-02T11:19:21.622491Z  INFO scan_sources: tailwindcss_oxide::scanner: Discovering "C:\\Shop\\postcss.config.mjs"
2025-10-02T11:19:21.622635Z  INFO scan_sources: tailwindcss_oxide::scanner: Discovering "C:\\Shop\\public"
2025-10-02T11:19:21.622884Z  INFO scan_sources: tailwindcss_oxide::scanner: Discovering "C:\\Shop\\public\\assets"
2025-10-02T11:19:21.623103Z  INFO scan_sources: tailwindcss_oxide::scanner: Discovering "C:\\Shop\\public\\assets\\footer"
2025-10-02T11:19:21.623285Z  INFO scan_sources: tailwindcss_oxide::scanner: Discovering "C:\\Shop\\public\\assets\\footer\\storeLogo.svg"
2025-10-02T11:19:21.623453Z  INFO scan_sources: tailwindcss_oxide::scanner: Discovering "C:\\Shop\\public\\assets\\login"
2025-10-02T11:19:21.623709Z  INFO scan_sources: tailwindcss_oxide::scanner: Discovering "C:\\Shop\\public\\assets\\product"
2025-10-02T11:19:21.623933Z  INFO scan_sources: tailwindcss_oxide::scanner: Discovering "C:\\Shop\\public\\file.svg"
2025-10-02T11:19:21.624013Z  INFO scan_sources: tailwindcss_oxide::scanner: Discovering "C:\\Shop\\public\\globe.svg"
2025-10-02T11:19:21.624098Z  INFO scan_sources: tailwindcss_oxide::scanner: Discovering "C:\\Shop\\public\\next.svg"
2025-10-02T11:19:21.624178Z  INFO scan_sources: tailwindcss_oxide::scanner: Discovering "C:\\Shop\\public\\vercel.svg"
2025-10-02T11:19:21.624256Z  INFO scan_sources: tailwindcss_oxide::scanner: Discovering "C:\\Shop\\public\\window.svg"
2025-10-02T11:19:21.624365Z  INFO scan_sources: tailwindcss_oxide::scanner: Discovering "C:\\Shop\\README.md"
2025-10-02T11:19:21.624501Z  INFO scan_sources: tailwindcss_oxide::scanner: Discovering "C:\\Shop\\src"
2025-10-02T11:19:21.624750Z  INFO scan_sources: tailwindcss_oxide::scanner: Discovering "C:\\Shop\\src\\app"
2025-10-02T11:19:21.624970Z  INFO scan_sources: tailwindcss_oxide::scanner: Discovering "C:\\Shop\\src\\app\\(landing)"
2025-10-02T11:19:21.625130Z  INFO scan_sources: tailwindcss_oxide::scanner: Discovering "C:\\Shop\\src\\app\\(landing)\\layout.tsx"
2025-10-02T11:19:21.625245Z  INFO scan_sources: tailwindcss_oxide::scanner: Discovering "C:\\Shop\\src\\app\\(landing)\\page.tsx"
2025-10-02T11:19:21.625385Z  INFO scan_sources: tailwindcss_oxide::scanner: Discovering "C:\\Shop\\src\\app\\(landing)\\product-details"
2025-10-02T11:19:21.625544Z  INFO scan_sources: tailwindcss_oxide::scanner: Discovering "C:\\Shop\\src\\app\\(landing)\\product-details\\page.tsx"
2025-10-02T11:19:21.625748Z  INFO scan_sources: tailwindcss_oxide::scanner: Discovering "C:\\Shop\\src\\app\\(storefront)"
2025-10-02T11:19:21.625963Z  INFO scan_sources: tailwindcss_oxide::scanner: Discovering "C:\\Shop\\src\\app\\(storefront)\\after-login"
2025-10-02T11:19:21.626120Z  INFO scan_sources: tailwindcss_oxide::scanner: Discovering "C:\\Shop\\src\\app\\(storefront)\\after-login\\page.tsx"
2025-10-02T11:19:21.626287Z  INFO scan_sources: tailwindcss_oxide::scanner: Discovering "C:\\Shop\\src\\app\\(storefront)\\dashboard"
2025-10-02T11:19:21.626443Z  INFO scan_sources: tailwindcss_oxide::scanner: Discovering "C:\\Shop\\src\\app\\(storefront)\\dashboard\\layout.tsx"
2025-10-02T11:19:21.626583Z  INFO scan_sources: tailwindcss_oxide::scanner: Discovering "C:\\Shop\\src\\app\\(storefront)\\layout.tsx"
2025-10-02T11:19:21.626684Z  INFO scan_sources: tailwindcss_oxide::scanner: Discovering "C:\\Shop\\src\\app\\(storefront)\\not-found.tsx"
2025-10-02T11:19:21.626837Z  INFO scan_sources: tailwindcss_oxide::scanner: Discovering "C:\\Shop\\src\\app\\(storefront)\\storefront"
2025-10-02T11:19:21.626994Z  INFO scan_sources: tailwindcss_oxide::scanner: Discovering "C:\\Shop\\src\\app\\(storefront)\\storefront\\page.tsx"
2025-10-02T11:19:21.627182Z  INFO scan_sources: tailwindcss_oxide::scanner: Discovering "C:\\Shop\\src\\app\\api"
2025-10-02T11:19:21.627394Z  INFO scan_sources: tailwindcss_oxide::scanner: Discovering "C:\\Shop\\src\\app\\api\\auth"
2025-10-02T11:19:21.627618Z  INFO scan_sources: tailwindcss_oxide::scanner: Discovering "C:\\Shop\\src\\app\\api\\auth\\login"
2025-10-02T11:19:21.627798Z  INFO scan_sources: tailwindcss_oxide::scanner: Discovering "C:\\Shop\\src\\app\\api\\auth\\login\\route.ts"
2025-10-02T11:19:21.627963Z  INFO scan_sources: tailwindcss_oxide::scanner: Discovering "C:\\Shop\\src\\app\\api\\auth\\logout"
2025-10-02T11:19:21.628118Z  INFO scan_sources: tailwindcss_oxide::scanner: Discovering "C:\\Shop\\src\\app\\api\\auth\\logout\\route.ts"
2025-10-02T11:19:21.628280Z  INFO scan_sources: tailwindcss_oxide::scanner: Discovering "C:\\Shop\\src\\app\\api\\auth\\me"
2025-10-02T11:19:21.628434Z  INFO scan_sources: tailwindcss_oxide::scanner: Discovering "C:\\Shop\\src\\app\\api\\auth\\me\\route.ts"
2025-10-02T11:19:21.628595Z  INFO scan_sources: tailwindcss_oxide::scanner: Discovering "C:\\Shop\\src\\app\\api\\auth\\signup"
2025-10-02T11:19:21.628749Z  INFO scan_sources: tailwindcss_oxide::scanner: Discovering "C:\\Shop\\src\\app\\api\\auth\\signup\\route.ts"
2025-10-02T11:19:21.628973Z  INFO scan_sources: tailwindcss_oxide::scanner: Discovering "C:\\Shop\\src\\app\\auth"
2025-10-02T11:19:21.629184Z  INFO scan_sources: tailwindcss_oxide::scanner: Discovering "C:\\Shop\\src\\app\\auth\\forgot-password"
2025-10-02T11:19:21.629339Z  INFO scan_sources: tailwindcss_oxide::scanner: Discovering "C:\\Shop\\src\\app\\auth\\forgot-password\\page.tsx"
2025-10-02T11:19:21.629450Z  INFO scan_sources: tailwindcss_oxide::scanner: Discovering "C:\\Shop\\src\\app\\auth\\page.tsx"
2025-10-02T11:19:21.629597Z  INFO scan_sources: tailwindcss_oxide::scanner: Discovering "C:\\Shop\\src\\app\\auth\\reset-password"
2025-10-02T11:19:21.629753Z  INFO scan_sources: tailwindcss_oxide::scanner: Discovering "C:\\Shop\\src\\app\\auth\\reset-password\\page.tsx"
2025-10-02T11:19:21.629914Z  INFO scan_sources: tailwindcss_oxide::scanner: Discovering "C:\\Shop\\src\\app\\auth\\signup"
2025-10-02T11:19:21.630071Z  INFO scan_sources: tailwindcss_oxide::scanner: Discovering "C:\\Shop\\src\\app\\auth\\signup\\page.tsx"
2025-10-02T11:19:21.630258Z  INFO scan_sources: tailwindcss_oxide::scanner: Discovering "C:\\Shop\\src\\app\\cart"
2025-10-02T11:19:21.630412Z  INFO scan_sources: tailwindcss_oxide::scanner: Discovering "C:\\Shop\\src\\app\\cart\\layout.tsx"
2025-10-02T11:19:21.630491Z  INFO scan_sources: tailwindcss_oxide::scanner: Discovering "C:\\Shop\\src\\app\\cart\\page.tsx"
2025-10-02T11:19:21.630652Z  INFO scan_sources: tailwindcss_oxide::scanner: Discovering "C:\\Shop\\src\\app\\checkout"
2025-10-02T11:19:21.630806Z  INFO scan_sources: tailwindcss_oxide::scanner: Discovering "C:\\Shop\\src\\app\\checkout\\layout.tsx"
2025-10-02T11:19:21.630883Z  INFO scan_sources: tailwindcss_oxide::scanner: Discovering "C:\\Shop\\src\\app\\checkout\\page.tsx"
2025-10-02T11:19:21.631047Z  INFO scan_sources: tailwindcss_oxide::scanner: Discovering "C:\\Shop\\src\\app\\checkout-with-shipping"
2025-10-02T11:19:21.631201Z  INFO scan_sources: tailwindcss_oxide::scanner: Discovering "C:\\Shop\\src\\app\\checkout-with-shipping\\page.tsx"
2025-10-02T11:19:21.631364Z  INFO scan_sources: tailwindcss_oxide::scanner: Discovering "C:\\Shop\\src\\app\\faq"
2025-10-02T11:19:21.631519Z  INFO scan_sources: tailwindcss_oxide::scanner: Discovering "C:\\Shop\\src\\app\\faq\\page.tsx"
2025-10-02T11:19:21.631666Z  INFO scan_sources: tailwindcss_oxide::scanner: Discovering "C:\\Shop\\src\\app\\globals.css"
2025-10-02T11:19:21.631807Z  INFO scan_sources: tailwindcss_oxide::scanner: Discovering "C:\\Shop\\src\\app\\order-tracking"
2025-10-02T11:19:21.631962Z  INFO scan_sources: tailwindcss_oxide::scanner: Discovering "C:\\Shop\\src\\app\\order-tracking\\page.tsx"
2025-10-02T11:19:21.632127Z  INFO scan_sources: tailwindcss_oxide::scanner: Discovering "C:\\Shop\\src\\app\\order-tracking-details"
2025-10-02T11:19:21.632283Z  INFO scan_sources: tailwindcss_oxide::scanner: Discovering "C:\\Shop\\src\\app\\order-tracking-details\\layout.tsx"
2025-10-02T11:19:21.632362Z  INFO scan_sources: tailwindcss_oxide::scanner: Discovering "C:\\Shop\\src\\app\\order-tracking-details\\page.tsx"
2025-10-02T11:19:21.632524Z  INFO scan_sources: tailwindcss_oxide::scanner: Discovering "C:\\Shop\\src\\app\\payment"
2025-10-02T11:19:21.632681Z  INFO scan_sources: tailwindcss_oxide::scanner: Discovering "C:\\Shop\\src\\app\\payment\\layout.tsx"
2025-10-02T11:19:21.632759Z  INFO scan_sources: tailwindcss_oxide::scanner: Discovering "C:\\Shop\\src\\app\\payment\\page.tsx"
2025-10-02T11:19:21.632919Z  INFO scan_sources: tailwindcss_oxide::scanner: Discovering "C:\\Shop\\src\\app\\shipping"
2025-10-02T11:19:21.633072Z  INFO scan_sources: tailwindcss_oxide::scanner: Discovering "C:\\Shop\\src\\app\\shipping\\page.tsx"
2025-10-02T11:19:21.633234Z  INFO scan_sources: tailwindcss_oxide::scanner: Discovering "C:\\Shop\\src\\app\\test"
2025-10-02T11:19:21.633387Z  INFO scan_sources: tailwindcss_oxide::scanner: Discovering "C:\\Shop\\src\\app\\test\\page.tsx"
2025-10-02T11:19:21.633622Z  INFO scan_sources: tailwindcss_oxide::scanner: Discovering "C:\\Shop\\src\\components"
2025-10-02T11:19:21.633848Z  INFO scan_sources: tailwindcss_oxide::scanner: Discovering "C:\\Shop\\src\\components\\app"
2025-10-02T11:19:21.634004Z  INFO scan_sources: tailwindcss_oxide::scanner: Discovering "C:\\Shop\\src\\components\\app\\Footer.tsx"
2025-10-02T11:19:21.634083Z  INFO scan_sources: tailwindcss_oxide::scanner: Discovering "C:\\Shop\\src\\components\\app\\NavBar.tsx"
2025-10-02T11:19:21.634247Z  INFO scan_sources: tailwindcss_oxide::scanner: Discovering "C:\\Shop\\src\\components\\product"
2025-10-02T11:19:21.634404Z  INFO scan_sources: tailwindcss_oxide::scanner: Discovering "C:\\Shop\\src\\components\\product\\Featured.tsx"
2025-10-02T11:19:21.634483Z  INFO scan_sources: tailwindcss_oxide::scanner: Discovering "C:\\Shop\\src\\components\\product\\Footer.tsx"
2025-10-02T11:19:21.634561Z  INFO scan_sources: tailwindcss_oxide::scanner: Discovering "C:\\Shop\\src\\components\\product\\FooterLinks.tsx"
2025-10-02T11:19:21.634639Z  INFO scan_sources: tailwindcss_oxide::scanner: Discovering "C:\\Shop\\src\\components\\product\\product.ts"
2025-10-02T11:19:21.634717Z  INFO scan_sources: tailwindcss_oxide::scanner: Discovering "C:\\Shop\\src\\components\\product\\SimilarProduct.tsx"
2025-10-02T11:19:21.634880Z  INFO scan_sources: tailwindcss_oxide::scanner: Discovering "C:\\Shop\\src\\components\\storefront"
2025-10-02T11:19:21.635090Z  INFO scan_sources: tailwindcss_oxide::scanner: Discovering "C:\\Shop\\src\\components\\storefront\\checkout"
2025-10-02T11:19:21.635251Z  INFO scan_sources: tailwindcss_oxide::scanner: Discovering "C:\\Shop\\src\\components\\storefront\\checkout\\CheckoutFlow.tsx"
2025-10-02T11:19:21.635331Z  INFO scan_sources: tailwindcss_oxide::scanner: Discovering "C:\\Shop\\src\\components\\storefront\\checkout\\ResultFailure.tsx"
2025-10-02T11:19:21.635409Z  INFO scan_sources: tailwindcss_oxide::scanner: Discovering "C:\\Shop\\src\\components\\storefront\\checkout\\ResultSuccess.tsx"
2025-10-02T11:19:21.635487Z  INFO scan_sources: tailwindcss_oxide::scanner: Discovering "C:\\Shop\\src\\components\\storefront\\checkout\\StepCart.tsx"
2025-10-02T11:19:21.635564Z  INFO scan_sources: tailwindcss_oxide::scanner: Discovering "C:\\Shop\\src\\components\\storefront\\checkout\\StepCheckout.tsx"
2025-10-02T11:19:21.635656Z  INFO scan_sources: tailwindcss_oxide::scanner: Discovering "C:\\Shop\\src\\components\\storefront\\checkout\\StepReview.tsx"
2025-10-02T11:19:21.635875Z  INFO scan_sources: tailwindcss_oxide::scanner: Discovering "C:\\Shop\\src\\components\\ui"
2025-10-02T11:19:21.636039Z  INFO scan_sources: tailwindcss_oxide::scanner: Discovering "C:\\Shop\\src\\components\\ui\\button.tsx"
2025-10-02T11:19:21.636119Z  INFO scan_sources: tailwindcss_oxide::scanner: Discovering "C:\\Shop\\src\\components\\ui\\input.tsx"
2025-10-02T11:19:21.636306Z  INFO scan_sources: tailwindcss_oxide::scanner: Discovering "C:\\Shop\\src\\hooks"
2025-10-02T11:19:21.636459Z  INFO scan_sources: tailwindcss_oxide::scanner: Discovering "C:\\Shop\\src\\hooks\\use-mobile.ts"
2025-10-02T11:19:21.636621Z  INFO scan_sources: tailwindcss_oxide::scanner: Discovering "C:\\Shop\\src\\lib"
2025-10-02T11:19:21.637177Z  INFO scan_sources: tailwindcss_oxide::scanner: Discovering "C:\\Shop\\src\\lib\\api"
2025-10-02T11:19:21.637572Z  INFO scan_sources: tailwindcss_oxide::scanner: Discovering "C:\\Shop\\src\\lib\\api\\client.ts"
2025-10-02T11:19:21.637697Z  INFO scan_sources: tailwindcss_oxide::scanner: Discovering "C:\\Shop\\src\\lib\\api\\products.ts"
2025-10-02T11:19:21.637785Z  INFO scan_sources: tailwindcss_oxide::scanner: Discovering "C:\\Shop\\src\\lib\\api\\shop.ts"
2025-10-02T11:19:21.637870Z  INFO scan_sources: tailwindcss_oxide::scanner: Discovering "C:\\Shop\\src\\lib\\api\\types.ts"
2025-10-02T11:19:21.638098Z  INFO scan_sources: tailwindcss_oxide::scanner: Discovering "C:\\Shop\\src\\lib\\auth"
2025-10-02T11:19:21.638338Z  INFO scan_sources: tailwindcss_oxide::scanner: Discovering "C:\\Shop\\src\\lib\\auth\\cookies.ts"
2025-10-02T11:19:21.638449Z  INFO scan_sources: tailwindcss_oxide::scanner: Discovering "C:\\Shop\\src\\lib\\auth\\roles.ts"
2025-10-02T11:19:21.638558Z  INFO scan_sources: tailwindcss_oxide::scanner: Discovering "C:\\Shop\\src\\lib\\auth\\server.ts"
2025-10-02T11:19:21.638826Z  INFO scan_sources: tailwindcss_oxide::scanner: Discovering "C:\\Shop\\src\\lib\\plan"
2025-10-02T11:19:21.639046Z  INFO scan_sources: tailwindcss_oxide::scanner: Discovering "C:\\Shop\\src\\lib\\plan\\plans.ts"
2025-10-02T11:19:21.639285Z  INFO scan_sources: tailwindcss_oxide::scanner: Discovering "C:\\Shop\\src\\lib\\tenant"
2025-10-02T11:19:21.639477Z  INFO scan_sources: tailwindcss_oxide::scanner: Discovering "C:\\Shop\\src\\lib\\tenant\\context.tsx"
2025-10-02T11:19:21.639573Z  INFO scan_sources: tailwindcss_oxide::scanner: Discovering "C:\\Shop\\src\\lib\\tenant\\host.ts"
2025-10-02T11:19:21.639725Z  INFO scan_sources: tailwindcss_oxide::scanner: Discovering "C:\\Shop\\src\\lib\\utils.ts"
2025-10-02T11:19:21.639948Z  INFO scan_sources: tailwindcss_oxide::scanner: Discovering "C:\\Shop\\tailwind.config.js"
2025-10-02T11:19:21.640072Z  INFO scan_sources: tailwindcss_oxide::scanner: Discovering "C:\\Shop\\tsconfig.json"
2025-10-02T11:19:21.640226Z  INFO scan_sources: tailwindcss_oxide::scanner: exit
2025-10-02T11:19:21.640258Z  INFO extract_candidates: tailwindcss_oxide::scanner: enter
2025-10-02T11:19:21.640270Z  INFO extract_candidates:read_all_files: tailwindcss_oxide::scanner: enter
2025-10-02T11:19:21.640276Z  INFO extract_candidates:read_all_files: tailwindcss_oxide::scanner: Reading 71 file(s)
2025-10-02T11:19:21.640805Z  INFO tailwindcss_oxide::scanner: Reading "C:\\Shop\\components.json"
2025-10-02T11:19:21.640811Z  INFO tailwindcss_oxide::scanner: Reading "C:\\Shop\\src\\app\\order-tracking\\page.tsx"
2025-10-02T11:19:21.640878Z  INFO tailwindcss_oxide::scanner: Reading "C:\\Shop\\src\\app\\(storefront)\\dashboard\\layout.tsx"
2025-10-02T11:19:21.641004Z  INFO tailwindcss_oxide::scanner: Reading "C:\\Shop\\src\\app\\order-tracking-details\\layout.tsx"
2025-10-02T11:19:21.641023Z  INFO tailwindcss_oxide::scanner: Reading "C:\\Shop\\src\\app\\auth\\page.tsx"
2025-10-02T11:19:21.641033Z  INFO tailwindcss_oxide::scanner: Reading "C:\\Shop\\src\\app\\(storefront)\\layout.tsx"
2025-10-02T11:19:21.641110Z  INFO tailwindcss_oxide::scanner: Reading "C:\\Shop\\public\\globe.svg"
2025-10-02T11:19:21.641166Z  INFO tailwindcss_oxide::scanner: Reading "C:\\Shop\\src\\app\\auth\\reset-password\\page.tsx"
2025-10-02T11:19:21.641180Z  INFO tailwindcss_oxide::scanner: Reading "C:\\Shop\\src\\app\\order-tracking-details\\page.tsx"
2025-10-02T11:19:21.641191Z  INFO tailwindcss_oxide::scanner: Reading "C:\\Shop\\README.md"
2025-10-02T11:19:21.641254Z  INFO tailwindcss_oxide::scanner: Reading "C:\\Shop\\src\\app\\(storefront)\\not-found.tsx"
2025-10-02T11:19:21.641276Z  INFO tailwindcss_oxide::scanner: Reading "C:\\Shop\\public\\next.svg"
2025-10-02T11:19:21.641078Z  INFO tailwindcss_oxide::scanner: Reading "C:\\Shop\\eslint.config.mjs"
2025-10-02T11:19:21.641291Z  INFO tailwindcss_oxide::scanner: Reading "C:\\Shop\\src\\app\\(landing)\\page.tsx"
2025-10-02T11:19:21.641328Z  INFO tailwindcss_oxide::scanner: Reading "C:\\Shop\\src\\app\\auth\\signup\\page.tsx"
2025-10-02T11:19:21.641356Z  INFO tailwindcss_oxide::scanner: Reading "C:\\Shop\\src\\app\\(landing)\\layout.tsx"
2025-10-02T11:19:21.641371Z  INFO tailwindcss_oxide::scanner: Reading "C:\\Shop\\src\\app\\payment\\layout.tsx"
2025-10-02T11:19:21.641423Z  INFO tailwindcss_oxide::scanner: Reading "C:\\Shop\\public\\vercel.svg"
2025-10-02T11:19:21.641430Z  INFO tailwindcss_oxide::scanner: Reading "C:\\Shop\\src\\app\\(storefront)\\storefront\\page.tsx"
2025-10-02T11:19:21.641467Z  INFO tailwindcss_oxide::scanner: Reading "C:\\Shop\\middleware.ts"
2025-10-02T11:19:21.641477Z  INFO tailwindcss_oxide::scanner: Reading "C:\\Shop\\src\\app\\(landing)\\product-details\\page.tsx"
2025-10-02T11:19:21.641484Z  INFO tailwindcss_oxide::scanner: Reading "C:\\Shop\\src\\app\\cart\\layout.tsx"
2025-10-02T11:19:21.641530Z  INFO tailwindcss_oxide::scanner: Reading "C:\\Shop\\src\\app\\payment\\page.tsx"
2025-10-02T11:19:21.641524Z  INFO tailwindcss_oxide::scanner: Reading "C:\\Shop\\public\\window.svg"
2025-10-02T11:19:21.641563Z  INFO tailwindcss_oxide::scanner: Reading "C:\\Shop\\package.json"
2025-10-02T11:19:21.641582Z  INFO tailwindcss_oxide::scanner: Reading "C:\\Shop\\src\\app\\api\\auth\\login\\route.ts"
2025-10-02T11:19:21.641614Z  INFO tailwindcss_oxide::scanner: Reading "C:\\Shop\\next.config.ts"
2025-10-02T11:19:21.641626Z  INFO tailwindcss_oxide::scanner: Reading "C:\\Shop\\src\\app\\(storefront)\\after-login\\page.tsx"
2025-10-02T11:19:21.641636Z  INFO tailwindcss_oxide::scanner: Reading "C:\\Shop\\src\\app\\cart\\page.tsx"
2025-10-02T11:19:21.641697Z  INFO tailwindcss_oxide::scanner: Reading "C:\\Shop\\src\\app\\shipping\\page.tsx"
2025-10-02T11:19:21.641727Z  INFO tailwindcss_oxide::scanner: Reading "C:\\Shop\\postcss.config.mjs"
2025-10-02T11:19:21.641736Z  INFO tailwindcss_oxide::scanner: Reading "C:\\Shop\\src\\app\\api\\auth\\me\\route.ts"
2025-10-02T11:19:21.641774Z  INFO tailwindcss_oxide::scanner: Reading "C:\\Shop\\src\\app\\api\\auth\\signup\\route.ts"
2025-10-02T11:19:21.641787Z  INFO tailwindcss_oxide::scanner: Reading "C:\\Shop\\src\\app\\checkout\\layout.tsx"
2025-10-02T11:19:21.641794Z  INFO tailwindcss_oxide::scanner: Reading "C:\\Shop\\src\\app\\checkout\\page.tsx"
2025-10-02T11:19:21.641858Z  INFO tailwindcss_oxide::scanner: Reading "C:\\Shop\\src\\app\\test\\page.tsx"
2025-10-02T11:19:21.641954Z  INFO tailwindcss_oxide::scanner: Reading "C:\\Shop\\src\\app\\auth\\forgot-password\\page.tsx"
2025-10-02T11:19:21.641965Z  INFO tailwindcss_oxide::scanner: Reading "C:\\Shop\\public\\assets\\footer\\storeLogo.svg"
2025-10-02T11:19:21.642014Z  INFO tailwindcss_oxide::scanner: Reading "C:\\Shop\\src\\components\\app\\Footer.tsx"
2025-10-02T11:19:21.641736Z  INFO tailwindcss_oxide::scanner: Reading "C:\\Shop\\src\\app\\api\\auth\\logout\\route.ts"
2025-10-02T11:19:21.642075Z  INFO tailwindcss_oxide::scanner: Reading "C:\\Shop\\public\\file.svg"
2025-10-02T11:19:21.642145Z  INFO tailwindcss_oxide::scanner: Reading "C:\\Shop\\src\\app\\faq\\page.tsx"
2025-10-02T11:19:21.642162Z  INFO tailwindcss_oxide::scanner: Reading "C:\\Shop\\src\\components\\product\\Featured.tsx"
2025-10-02T11:19:21.642151Z  INFO tailwindcss_oxide::scanner: Reading "C:\\Shop\\src\\components\\storefront\\checkout\\StepCheckout.tsx"
2025-10-02T11:19:21.642191Z  INFO tailwindcss_oxide::scanner: Reading "C:\\Shop\\src\\lib\\auth\\cookies.ts"
2025-10-02T11:19:21.642277Z  INFO tailwindcss_oxide::scanner: Reading "C:\\Shop\\src\\components\\app\\NavBar.tsx"
2025-10-02T11:19:21.642271Z  INFO tailwindcss_oxide::scanner: Reading "C:\\Shop\\src\\hooks\\use-mobile.ts"
2025-10-02T11:19:21.642295Z  INFO tailwindcss_oxide::scanner: Reading "C:\\Shop\\src\\app\\checkout-with-shipping\\page.tsx"
2025-10-02T11:19:21.642334Z  INFO tailwindcss_oxide::scanner: Reading "C:\\Shop\\src\\components\\product\\Footer.tsx"
2025-10-02T11:19:21.642272Z  INFO tailwindcss_oxide::scanner: Reading "C:\\Shop\\src\\lib\\tenant\\context.tsx"
2025-10-02T11:19:21.642416Z  INFO tailwindcss_oxide::scanner: Reading "C:\\Shop\\src\\components\\storefront\\checkout\\StepReview.tsx"
2025-10-02T11:19:21.642448Z  INFO tailwindcss_oxide::scanner: Reading "C:\\Shop\\src\\lib\\utils.ts"
2025-10-02T11:19:21.642461Z  INFO tailwindcss_oxide::scanner: Reading "C:\\Shop\\src\\lib\\api\\client.ts"
2025-10-02T11:19:21.642492Z  INFO tailwindcss_oxide::scanner: Reading "C:\\Shop\\src\\lib\\auth\\server.ts"
2025-10-02T11:19:21.642513Z  INFO tailwindcss_oxide::scanner: Reading "C:\\Shop\\src\\components\\product\\FooterLinks.tsx"
2025-10-02T11:19:21.642537Z  INFO tailwindcss_oxide::scanner: Reading "C:\\Shop\\src\\lib\\tenant\\host.ts"
2025-10-02T11:19:21.642555Z  INFO tailwindcss_oxide::scanner: Reading "C:\\Shop\\src\\lib\\auth\\roles.ts"
2025-10-02T11:19:21.642586Z  INFO tailwindcss_oxide::scanner: Reading "C:\\Shop\\src\\components\\ui\\button.tsx"
2025-10-02T11:19:21.642604Z  INFO tailwindcss_oxide::scanner: Reading "C:\\Shop\\tailwind.config.js"
2025-10-02T11:19:21.642658Z  INFO tailwindcss_oxide::scanner: Reading "C:\\Shop\\src\\components\\product\\product.ts"
2025-10-02T11:19:21.642677Z  INFO tailwindcss_oxide::scanner: Reading "C:\\Shop\\src\\lib\\api\\products.ts"
2025-10-02T11:19:21.642688Z  INFO tailwindcss_oxide::scanner: Reading "C:\\Shop\\src\\lib\\plan\\plans.ts"
2025-10-02T11:19:21.642495Z  INFO tailwindcss_oxide::scanner: Reading "C:\\Shop\\src\\components\\product\\SimilarProduct.tsx"
2025-10-02T11:19:21.642728Z  INFO tailwindcss_oxide::scanner: Reading "C:\\Shop\\src\\lib\\api\\shop.ts"
2025-10-02T11:19:21.642709Z  INFO tailwindcss_oxide::scanner: Reading "C:\\Shop\\src\\components\\ui\\input.tsx"
2025-10-02T11:19:21.642789Z  INFO tailwindcss_oxide::scanner: Reading "C:\\Shop\\src\\lib\\api\\types.ts"
2025-10-02T11:19:21.642825Z  INFO tailwindcss_oxide::scanner: Reading "C:\\Shop\\src\\components\\storefront\\checkout\\ResultFailure.tsx"
2025-10-02T11:19:21.642879Z  INFO tailwindcss_oxide::scanner: Reading "C:\\Shop\\src\\components\\storefront\\checkout\\CheckoutFlow.tsx"
2025-10-02T11:19:21.642892Z  INFO tailwindcss_oxide::scanner: Reading "C:\\Shop\\src\\components\\storefront\\checkout\\StepCart.tsx"
2025-10-02T11:19:21.642922Z  INFO tailwindcss_oxide::scanner: Reading "C:\\Shop\\src\\components\\storefront\\checkout\\ResultSuccess.tsx"
2025-10-02T11:19:21.643078Z  INFO tailwindcss_oxide::scanner: Reading "C:\\Shop\\tsconfig.json"
2025-10-02T11:19:21.643313Z  INFO extract_candidates:read_all_files: tailwindcss_oxide::scanner: exit
2025-10-02T11:19:21.643425Z  INFO extract_candidates:parse_all_blobs: tailwindcss_oxide::scanner: enter
2025-10-02T11:19:21.643470Z  INFO extract_candidates:parse_all_blobs:extract: tailwindcss_oxide::scanner: enter
2025-10-02T11:19:21.645189Z  INFO extract_candidates:parse_all_blobs:extract: tailwindcss_oxide::scanner: exit
2025-10-02T11:19:21.645225Z  INFO extract_candidates:parse_all_blobs: tailwindcss_oxide::scanner: exit
2025-10-02T11:19:21.645238Z  INFO extract_candidates:read_all_files: tailwindcss_oxide::scanner: enter
2025-10-02T11:19:21.645244Z  INFO extract_candidates:read_all_files: tailwindcss_oxide::scanner: Reading 1 file(s)
2025-10-02T11:19:21.645383Z  INFO extract_candidates:read_all_files: tailwindcss_oxide::scanner: Reading "C:\\Shop\\src\\app\\globals.css"
2025-10-02T11:19:21.645411Z  INFO extract_candidates:read_all_files: tailwindcss_oxide::scanner: exit
2025-10-02T11:19:21.645428Z  INFO extract_candidates:extract_css_variables: tailwindcss_oxide::scanner: enter
2025-10-02T11:19:21.645447Z  INFO extract_candidates:extract_css_variables:extract: tailwindcss_oxide::scanner: enter
2025-10-02T11:19:21.645583Z  INFO extract_candidates:extract_css_variables:extract: tailwindcss_oxide::scanner: exit
2025-10-02T11:19:21.645608Z  INFO extract_candidates:extract_css_variables: tailwindcss_oxide::scanner: exit
2025-10-02T11:19:21.646302Z  INFO extract_candidates: tailwindcss_oxide::scanner: exit
2025-10-02T11:19:21.647132Z  INFO get_files: tailwindcss_oxide::scanner: enter
2025-10-02T11:19:21.647154Z  INFO get_files:scan_sources: tailwindcss_oxide::scanner: enter
2025-10-02T11:19:21.649764Z  INFO get_files:scan_sources: tailwindcss_oxide::scanner: Discovering "C:\\Shop\\public"
2025-10-02T11:19:21.650060Z  INFO get_files:scan_sources: tailwindcss_oxide::scanner: Discovering "C:\\Shop\\public\\assets"
2025-10-02T11:19:21.650449Z  INFO get_files:scan_sources: tailwindcss_oxide::scanner: Discovering "C:\\Shop\\public\\assets\\footer"
2025-10-02T11:19:21.650923Z  INFO get_files:scan_sources: tailwindcss_oxide::scanner: Discovering "C:\\Shop\\public\\assets\\login"
2025-10-02T11:19:21.651260Z  INFO get_files:scan_sources: tailwindcss_oxide::scanner: Discovering "C:\\Shop\\public\\assets\\product"
2025-10-02T11:19:21.652160Z  INFO get_files:scan_sources: tailwindcss_oxide::scanner: Discovering "C:\\Shop\\src"
2025-10-02T11:19:21.652488Z  INFO get_files:scan_sources: tailwindcss_oxide::scanner: Discovering "C:\\Shop\\src\\app"
2025-10-02T11:19:21.652762Z  INFO get_files:scan_sources: tailwindcss_oxide::scanner: Discovering "C:\\Shop\\src\\app\\(landing)"
2025-10-02T11:19:21.653120Z  INFO get_files:scan_sources: tailwindcss_oxide::scanner: Discovering "C:\\Shop\\src\\app\\(landing)\\product-details"
2025-10-02T11:19:21.653474Z  INFO get_files:scan_sources: tailwindcss_oxide::scanner: Discovering "C:\\Shop\\src\\app\\(storefront)"
2025-10-02T11:19:21.653719Z  INFO get_files:scan_sources: tailwindcss_oxide::scanner: Discovering "C:\\Shop\\src\\app\\(storefront)\\after-login"
2025-10-02T11:19:21.654013Z  INFO get_files:scan_sources: tailwindcss_oxide::scanner: Discovering "C:\\Shop\\src\\app\\(storefront)\\dashboard"
2025-10-02T11:19:21.654386Z  INFO get_files:scan_sources: tailwindcss_oxide::scanner: Discovering "C:\\Shop\\src\\app\\(storefront)\\storefront"
2025-10-02T11:19:21.654752Z  INFO get_files:scan_sources: tailwindcss_oxide::scanner: Discovering "C:\\Shop\\src\\app\\api"
2025-10-02T11:19:21.654970Z  INFO get_files:scan_sources: tailwindcss_oxide::scanner: Discovering "C:\\Shop\\src\\app\\api\\auth"
2025-10-02T11:19:21.655187Z  INFO get_files:scan_sources: tailwindcss_oxide::scanner: Discovering "C:\\Shop\\src\\app\\api\\auth\\login"
2025-10-02T11:19:21.655476Z  INFO get_files:scan_sources: tailwindcss_oxide::scanner: Discovering "C:\\Shop\\src\\app\\api\\auth\\logout"
2025-10-02T11:19:21.655782Z  INFO get_files:scan_sources: tailwindcss_oxide::scanner: Discovering "C:\\Shop\\src\\app\\api\\auth\\me"
2025-10-02T11:19:21.656066Z  INFO get_files:scan_sources: tailwindcss_oxide::scanner: Discovering "C:\\Shop\\src\\app\\api\\auth\\signup"
2025-10-02T11:19:21.656406Z  INFO get_files:scan_sources: tailwindcss_oxide::scanner: Discovering "C:\\Shop\\src\\app\\auth"
2025-10-02T11:19:21.656629Z  INFO get_files:scan_sources: tailwindcss_oxide::scanner: Discovering "C:\\Shop\\src\\app\\auth\\forgot-password"
2025-10-02T11:19:21.656959Z  INFO get_files:scan_sources: tailwindcss_oxide::scanner: Discovering "C:\\Shop\\src\\app\\auth\\reset-password"
2025-10-02T11:19:21.657243Z  INFO get_files:scan_sources: tailwindcss_oxide::scanner: Discovering "C:\\Shop\\src\\app\\auth\\signup"
2025-10-02T11:19:21.657550Z  INFO get_files:scan_sources: tailwindcss_oxide::scanner: Discovering "C:\\Shop\\src\\app\\cart"
2025-10-02T11:19:21.657900Z  INFO get_files:scan_sources: tailwindcss_oxide::scanner: Discovering "C:\\Shop\\src\\app\\checkout"
2025-10-02T11:19:21.658232Z  INFO get_files:scan_sources: tailwindcss_oxide::scanner: Discovering "C:\\Shop\\src\\app\\checkout-with-shipping"
2025-10-02T11:19:21.658606Z  INFO get_files:scan_sources: tailwindcss_oxide::scanner: Discovering "C:\\Shop\\src\\app\\faq"
2025-10-02T11:19:21.658996Z  INFO get_files:scan_sources: tailwindcss_oxide::scanner: Discovering "C:\\Shop\\src\\app\\order-tracking"
2025-10-02T11:19:21.659304Z  INFO get_files:scan_sources: tailwindcss_oxide::scanner: Discovering "C:\\Shop\\src\\app\\order-tracking-details"
2025-10-02T11:19:21.659716Z  INFO get_files:scan_sources: tailwindcss_oxide::scanner: Discovering "C:\\Shop\\src\\app\\payment"
2025-10-02T11:19:21.660147Z  INFO get_files:scan_sources: tailwindcss_oxide::scanner: Discovering "C:\\Shop\\src\\app\\shipping"
2025-10-02T11:19:21.660580Z  INFO get_files:scan_sources: tailwindcss_oxide::scanner: Discovering "C:\\Shop\\src\\app\\test"
2025-10-02T11:19:21.660964Z  INFO get_files:scan_sources: tailwindcss_oxide::scanner: Discovering "C:\\Shop\\src\\components"
2025-10-02T11:19:21.661206Z  INFO get_files:scan_sources: tailwindcss_oxide::scanner: Discovering "C:\\Shop\\src\\components\\app"
2025-10-02T11:19:21.661568Z  INFO get_files:scan_sources: tailwindcss_oxide::scanner: Discovering "C:\\Shop\\src\\components\\product"
2025-10-02T11:19:21.662125Z  INFO get_files:scan_sources: tailwindcss_oxide::scanner: Discovering "C:\\Shop\\src\\components\\storefront"
2025-10-02T11:19:21.662341Z  INFO get_files:scan_sources: tailwindcss_oxide::scanner: Discovering "C:\\Shop\\src\\components\\storefront\\checkout"
2025-10-02T11:19:21.662917Z  INFO get_files:scan_sources: tailwindcss_oxide::scanner: Discovering "C:\\Shop\\src\\components\\ui"
2025-10-02T11:19:21.663271Z  INFO get_files:scan_sources: tailwindcss_oxide::scanner: Discovering "C:\\Shop\\src\\hooks"
2025-10-02T11:19:21.663549Z  INFO get_files:scan_sources: tailwindcss_oxide::scanner: Discovering "C:\\Shop\\src\\lib"
2025-10-02T11:19:21.663784Z  INFO get_files:scan_sources: tailwindcss_oxide::scanner: Discovering "C:\\Shop\\src\\lib\\api"
2025-10-02T11:19:21.664192Z  INFO get_files:scan_sources: tailwindcss_oxide::scanner: Discovering "C:\\Shop\\src\\lib\\auth"
2025-10-02T11:19:21.664546Z  INFO get_files:scan_sources: tailwindcss_oxide::scanner: Discovering "C:\\Shop\\src\\lib\\plan"
2025-10-02T11:19:21.664831Z  INFO get_files:scan_sources: tailwindcss_oxide::scanner: Discovering "C:\\Shop\\src\\lib\\tenant"
2025-10-02T11:19:21.665305Z  INFO get_files:scan_sources: tailwindcss_oxide::scanner: exit
2025-10-02T11:19:21.665440Z  INFO get_files: tailwindcss_oxide::scanner: exit
2025-10-02T11:19:21.665738Z  INFO get_globs: tailwindcss_oxide::scanner: enter
2025-10-02T11:19:21.665750Z  INFO get_globs:scan_sources: tailwindcss_oxide::scanner: enter
2025-10-02T11:19:21.668364Z  INFO get_globs:scan_sources: tailwindcss_oxide::scanner: Discovering "C:\\Shop\\public"
2025-10-02T11:19:21.668804Z  INFO get_globs:scan_sources: tailwindcss_oxide::scanner: Discovering "C:\\Shop\\public\\assets"
2025-10-02T11:19:21.669354Z  INFO get_globs:scan_sources: tailwindcss_oxide::scanner: Discovering "C:\\Shop\\public\\assets\\footer"
2025-10-02T11:19:21.669812Z  INFO get_globs:scan_sources: tailwindcss_oxide::scanner: Discovering "C:\\Shop\\public\\assets\\login"
2025-10-02T11:19:21.670139Z  INFO get_globs:scan_sources: tailwindcss_oxide::scanner: Discovering "C:\\Shop\\public\\assets\\product"
2025-10-02T11:19:21.670777Z  INFO get_globs:scan_sources: tailwindcss_oxide::scanner: Discovering "C:\\Shop\\src"
2025-10-02T11:19:21.670998Z  INFO get_globs:scan_sources: tailwindcss_oxide::scanner: Discovering "C:\\Shop\\src\\app"
2025-10-02T11:19:21.671225Z  INFO get_globs:scan_sources: tailwindcss_oxide::scanner: Discovering "C:\\Shop\\src\\app\\(landing)"
2025-10-02T11:19:21.671542Z  INFO get_globs:scan_sources: tailwindcss_oxide::scanner: Discovering "C:\\Shop\\src\\app\\(landing)\\product-details"
2025-10-02T11:19:21.671875Z  INFO get_globs:scan_sources: tailwindcss_oxide::scanner: Discovering "C:\\Shop\\src\\app\\(storefront)"
2025-10-02T11:19:21.672145Z  INFO get_globs:scan_sources: tailwindcss_oxide::scanner: Discovering "C:\\Shop\\src\\app\\(storefront)\\after-login"
2025-10-02T11:19:21.672431Z  INFO get_globs:scan_sources: tailwindcss_oxide::scanner: Discovering "C:\\Shop\\src\\app\\(storefront)\\dashboard"
2025-10-02T11:19:21.672798Z  INFO get_globs:scan_sources: tailwindcss_oxide::scanner: Discovering "C:\\Shop\\src\\app\\(storefront)\\storefront"
2025-10-02T11:19:21.673101Z  INFO get_globs:scan_sources: tailwindcss_oxide::scanner: Discovering "C:\\Shop\\src\\app\\api"
2025-10-02T11:19:21.673310Z  INFO get_globs:scan_sources: tailwindcss_oxide::scanner: Discovering "C:\\Shop\\src\\app\\api\\auth"
2025-10-02T11:19:21.673521Z  INFO get_globs:scan_sources: tailwindcss_oxide::scanner: Discovering "C:\\Shop\\src\\app\\api\\auth\\login"
2025-10-02T11:19:21.673813Z  INFO get_globs:scan_sources: tailwindcss_oxide::scanner: Discovering "C:\\Shop\\src\\app\\api\\auth\\logout"
2025-10-02T11:19:21.674090Z  INFO get_globs:scan_sources: tailwindcss_oxide::scanner: Discovering "C:\\Shop\\src\\app\\api\\auth\\me"
2025-10-02T11:19:21.674366Z  INFO get_globs:scan_sources: tailwindcss_oxide::scanner: Discovering "C:\\Shop\\src\\app\\api\\auth\\signup"
2025-10-02T11:19:21.674693Z  INFO get_globs:scan_sources: tailwindcss_oxide::scanner: Discovering "C:\\Shop\\src\\app\\auth"
2025-10-02T11:19:21.674903Z  INFO get_globs:scan_sources: tailwindcss_oxide::scanner: Discovering "C:\\Shop\\src\\app\\auth\\forgot-password"
2025-10-02T11:19:21.675342Z  INFO get_globs:scan_sources: tailwindcss_oxide::scanner: Discovering "C:\\Shop\\src\\app\\auth\\reset-password"
2025-10-02T11:19:21.675753Z  INFO get_globs:scan_sources: tailwindcss_oxide::scanner: Discovering "C:\\Shop\\src\\app\\auth\\signup"
2025-10-02T11:19:21.676157Z  INFO get_globs:scan_sources: tailwindcss_oxide::scanner: Discovering "C:\\Shop\\src\\app\\cart"
2025-10-02T11:19:21.676509Z  INFO get_globs:scan_sources: tailwindcss_oxide::scanner: Discovering "C:\\Shop\\src\\app\\checkout"
2025-10-02T11:19:21.676855Z  INFO get_globs:scan_sources: tailwindcss_oxide::scanner: Discovering "C:\\Shop\\src\\app\\checkout-with-shipping"
2025-10-02T11:19:21.677148Z  INFO get_globs:scan_sources: tailwindcss_oxide::scanner: Discovering "C:\\Shop\\src\\app\\faq"
2025-10-02T11:19:21.677478Z  INFO get_globs:scan_sources: tailwindcss_oxide::scanner: Discovering "C:\\Shop\\src\\app\\order-tracking"
2025-10-02T11:19:21.677765Z  INFO get_globs:scan_sources: tailwindcss_oxide::scanner: Discovering "C:\\Shop\\src\\app\\order-tracking-details"
2025-10-02T11:19:21.678083Z  INFO get_globs:scan_sources: tailwindcss_oxide::scanner: Discovering "C:\\Shop\\src\\app\\payment"
2025-10-02T11:19:21.678404Z  INFO get_globs:scan_sources: tailwindcss_oxide::scanner: Discovering "C:\\Shop\\src\\app\\shipping"
2025-10-02T11:19:21.678720Z  INFO get_globs:scan_sources: tailwindcss_oxide::scanner: Discovering "C:\\Shop\\src\\app\\test"
2025-10-02T11:19:21.679042Z  INFO get_globs:scan_sources: tailwindcss_oxide::scanner: Discovering "C:\\Shop\\src\\components"
2025-10-02T11:19:21.679265Z  INFO get_globs:scan_sources: tailwindcss_oxide::scanner: Discovering "C:\\Shop\\src\\components\\app"
2025-10-02T11:19:21.679582Z  INFO get_globs:scan_sources: tailwindcss_oxide::scanner: Discovering "C:\\Shop\\src\\components\\product"
2025-10-02T11:19:21.680026Z  INFO get_globs:scan_sources: tailwindcss_oxide::scanner: Discovering "C:\\Shop\\src\\components\\storefront"
2025-10-02T11:19:21.680238Z  INFO get_globs:scan_sources: tailwindcss_oxide::scanner: Discovering "C:\\Shop\\src\\components\\storefront\\checkout"
2025-10-02T11:19:21.680753Z  INFO get_globs:scan_sources: tailwindcss_oxide::scanner: Discovering "C:\\Shop\\src\\components\\ui"
2025-10-02T11:19:21.681099Z  INFO get_globs:scan_sources: tailwindcss_oxide::scanner: Discovering "C:\\Shop\\src\\hooks"
2025-10-02T11:19:21.681396Z  INFO get_globs:scan_sources: tailwindcss_oxide::scanner: Discovering "C:\\Shop\\src\\lib"
2025-10-02T11:19:21.681649Z  INFO get_globs:scan_sources: tailwindcss_oxide::scanner: Discovering "C:\\Shop\\src\\lib\\api"
2025-10-02T11:19:21.682045Z  INFO get_globs:scan_sources: tailwindcss_oxide::scanner: Discovering "C:\\Shop\\src\\lib\\auth"
2025-10-02T11:19:21.682397Z  INFO get_globs:scan_sources: tailwindcss_oxide::scanner: Discovering "C:\\Shop\\src\\lib\\plan"
2025-10-02T11:19:21.682679Z  INFO get_globs:scan_sources: tailwindcss_oxide::scanner: Discovering "C:\\Shop\\src\\lib\\tenant"
2025-10-02T11:19:21.683161Z  INFO get_globs:scan_sources: tailwindcss_oxide::scanner: exit
2025-10-02T11:19:21.693494Z  INFO get_globs: tailwindcss_oxide::scanner: exit
